
Clover EFI installer log - Tue Mar  8 00:44:28 HKT 2016
Installer version: v2.3k r3320 EFI bootloader
======================================================
/dev/disk0 (internal, physical):
   #:                       TYPE NAME                    SIZE       IDENTIFIER
   0:      GUID_partition_scheme                        *2.0 TB     disk0
   1:           Windows Recovery                         471.9 MB   disk0s1
   2:                        EFI NO NAME                 104.9 MB   disk0s2
   3:         Microsoft Reserved                         16.8 MB    disk0s3
   4:       Microsoft Basic Data Bootcamp                106.8 GB   disk0s4
   5:       Microsoft Basic Data Programe file           107.4 GB   disk0s5
   6:       Microsoft Basic Data Porn                    1.7 TB     disk0s6
   7:       Microsoft Basic Data Kyle's file             107.4 GB   disk0s7
/dev/disk1 (internal, physical):
   #:                       TYPE NAME                    SIZE       IDENTIFIER
   0:     Apple_partition_scheme                        *500.1 GB   disk1
   1:        Apple_partition_map                         32.3 KB    disk1s1
   2:                 Apple_Boot Boot OS X               134.2 MB   disk1s2
   3:                 Apple_HFSX Backup                  500.0 GB   disk1s3
/dev/disk2 (internal, physical):
   #:                       TYPE NAME                    SIZE       IDENTIFIER
   0:      GUID_partition_scheme                        *1.0 TB     disk2
   1:                        EFI EFI                     209.7 MB   disk2s1
   2:                  Apple_HFS Macintosh               300.8 GB   disk2s2
   3:                 Apple_Boot Recovery HD             650.0 MB   disk2s3
   4:                  Apple_HFS Hackintosh              99.5 GB    disk2s4
   5:                 Apple_Boot Recovery HD             650.0 MB   disk2s5
   6:       Microsoft Basic Data                         91.0 GB    disk2s6
   7:       Microsoft Basic Data                         200.0 GB   disk2s7
   8:           Linux Filesystem                         290.3 GB   disk2s8
   9:                 Linux Swap                         17.0 GB    disk2s9
/dev/disk3 (internal, physical):
   #:                       TYPE NAME                    SIZE       IDENTIFIER
   0:     Apple_partition_scheme                        *4.6 GB     disk3
   1:        Apple_partition_map                         32.3 KB    disk3s1
   2:                  Apple_HFS StellarBootDVD          4.6 GB     disk3s2
/dev/disk4 (external, physical):
   #:                       TYPE NAME                    SIZE       IDENTIFIER
   0:      GUID_partition_scheme                        *320.1 GB   disk4
   1:                        EFI EFI                     209.7 MB   disk4s1
   2: 48465300-0000-11AA-AA11-00306543EC1C               15.9 GB    disk4s2
   3:                 Apple_Boot Recovery HD             650.0 MB   disk4s3
   4:       Microsoft Basic Data EFI BACK UP             3.4 GB     disk4s4
   5:       Microsoft Basic Data 360雲盤                 20.0 GB    disk4s5
   6:       Microsoft Basic Data Kyle File               20.0 GB    disk4s6
   7:       Microsoft Basic Data Stellar boo             8.0 GB     disk4s7
   8:                  Apple_HFS 未命名                  251.2 GB   disk4s8
======================================================
Backing up EFI files

Backing up stage2 file /Volumes/Hackintosh/EFIROOTDIR/boot  to /Volumes/Hackintosh/EFI-Backups/r3358/2016-03-08-00h44/boot
Backing up stage2 file /Volumes/Hackintosh/EFIROOTDIR/boot1 to /Volumes/Hackintosh/EFI-Backups/r3358/2016-03-08-00h44/boot1
Backing up stage2 file /Volumes/Hackintosh/EFIROOTDIR/boot6 to /Volumes/Hackintosh/EFI-Backups/r3358/2016-03-08-00h44/boot6
Backing up /Volumes/Hackintosh/EFIROOTDIR/EFI folder to /Volumes/Hackintosh/EFI-Backups/r3358/2016-03-08-00h44/EFI
======================================================
Installing BootSectors/BootLoader

Stage 0 - Don't write any of boot0af, boot0md, boot0ss to /Volumes/Hackintosh
Stage 1 - Don't write any of boot1h2, boot1f32alt, boot1xalt to /Volumes/Hackintosh

======================================================
=========== Clover EFI Installation Finish ===========
======================================================
